// Jest Snapshot v1, https://goo.gl/fbAQLP

exports[`renders correctly 1`] = `
<div>
   
  <div>
    <p>
      Count : 
      100
    </p>
     
    <button
      onClick={[Function]}
    >
      +++ 
    </button>
     
  </div>
</div>
`;
